// Jest Snapshot v1, https://goo.gl/fbAQLP

exports[`cross-button Snapshot 1`] = `
<cross-button>
  <!---->
  <button class="CrossUIButton medium primary simple" type="button">
    Click me!
  </button>
</cross-button>
`;
