// Jest Snapshot v1, https://goo.gl/fbAQLP

exports[`input-text renders 1`] = `<input-text />`;
